test 149211381 113778 1.07526 18.8872 1.45713 1 0.0174535 0.0119398 0.0451239 0.0682698 0.0308962 0.0507186 364726 16877.4 23301.8 33885.4 19310 31868.5 21298.8 70211.6 23153.1
